// Jest Snapshot v1, https://goo.gl/fbAQLP

exports[`renders rank container correctly 1`] = `
<div>
  <div>
    <div
      class="white f3"
    >
      John, your current rank is ...
    </div>
    <div
      class="white f1"
    >
      10
    </div>
  </div>
</div>
`;
