// Jest Snapshot v1, https://goo.gl/fbAQLP

exports[`renders and displays image link form correctly 1`] = `
<div>
  <div>
    <p
      class="f3"
    >
      This Magic Brain will detect faces in your pictures. Give it a try!
    </p>
    <div
      class="center"
    >
      <div
        class="center form pa4 br3 shadow-5"
      >
        <input
          class="f4 pa2 w-70 center"
          id="inputUrl"
          type="text"
        />
        <button
          class="w-30 grow f4 link ph3 pv2 dib white bg-light-purple"
        >
           Detect 
        </button>
      </div>
    </div>
  </div>
</div>
`;
